// Jest Snapshot v1, https://goo.gl/fbAQLP

exports[`Education exists properly 1`] = `
<div
  className="section education container-fluid"
>
  <div
    className="row"
  >
    <div
      className="col section-header"
    >
      Education
    </div>
  </div>
  <div
    className="row"
  >
    <div
      className="col-sm school"
    >
      <span
        className="school"
      >
        University College
      </span>
      ,
      <span
        className="location"
      >
         
        University Town, IL
      </span>
    </div>
    <div
      className="col-sm"
    >
      <div
        className="float-right date"
      >
        June 2012
      </div>
    </div>
  </div>
  <div
    className="row"
  >
    <div
      className="col results"
    >
      BS in Ukelele, Minor in Water-walking
    </div>
  </div>
</div>
`;
