// Jest Snapshot v1, https://goo.gl/fbAQLP

exports[`Experience tests Experience exists properly 1`] = `
<div
  className="container-fluid section experience"
>
  <div
    className="row"
  >
    <div
      className="col section-header"
    >
      Experience
    </div>
  </div>
  <div
    className="row job-company"
    onClick={[Function]}
  >
    <div
      className="col-sm"
    >
      <span
        className="employer"
      >
        Awesome Co
      </span>
      <span
        className="location"
      >
        , 
        Awesome Town, USA
      </span>
    </div>
    <div
      className="col-sm duration"
    >
      <div
        className="float-right"
      >
        January 2017
         - 
        present
      </div>
    </div>
  </div>
  <div
    className="row"
  >
    <div
      className="col job-role"
    >
      Awesome Employee
    </div>
  </div>
  <div
    className="row job-project"
    onClick={[Function]}
  >
    <div
      className="col-md"
    >
      <span
        className="job-project-name"
      >
        Awesome Sauce
      </span>
      <span
        className="project-role"
      >
        Sauce Chef
      </span>
      <span
        className="project-members"
      >
        5
         person team
      </span>
    </div>
    <div
      className="col-md date order-sm-last"
    >
      <div
        className="float-right"
      >
        2018-present
      </div>
    </div>
  </div>
  <div
    className="row project-highlight"
  >
    <div
      className="col highlight"
    >
      <ul>
        <li>
          Here is where you can describe (in multiple blurbs, with multiple techs), the awesome things you did to contribute to this project.
          <div
            className="project-tech-box"
          >
            <span
              className="subsubheading"
            >
              Technology used:
            </span>
            <span
              className="project-tech"
            >
              Tech I know
            </span>
          </div>
        </li>
        <li>
          This is another awesome thing I did while making Awesome Sauce. It used different tech.
          <div
            className="project-tech-box"
          >
            <span
              className="subsubheading"
            >
              Technology used:
            </span>
            <span
              className="project-tech"
            >
              Other Tech I know
            </span>
          </div>
        </li>
        <li>
          This is another thing I did that won't be filtered by tech. You can click on anything that highlights in gray on hover to collapse it.
        </li>
      </ul>
    </div>
  </div>
  <div
    className="row job-project"
    onClick={[Function]}
  >
    <div
      className="col-md"
    >
      <span
        className="job-project-name"
      >
        Awesome Marmalade
      </span>
      <span
        className="project-role"
      >
        Marmalade Wrangler
      </span>
      <span
        className="project-members"
      >
        8
         person team
      </span>
    </div>
    <div
      className="col-md date order-sm-last"
    >
      <div
        className="float-right"
      >
        2017-2018
      </div>
    </div>
  </div>
  <div
    className="row project-highlight"
  >
    <div
      className="col highlight"
    >
      <ul>
        <li>
          This is the first project I did at AwesomeCo. I was so awesome I got moved to making Awesome Sauce.
          <div
            className="project-tech-box"
          >
            <span
              className="subsubheading"
            >
              Technology used:
            </span>
            <span
              className="project-tech"
            >
              Tech I know
            </span>
          </div>
        </li>
        <li>
          My next job was far enough in the past, doing different things, that I collapsed it by default. Click on it to expand.
          <div
            className="project-tech-box"
          >
            <span
              className="subsubheading"
            >
              Technology used:
            </span>
            <span
              className="project-tech"
            >
              Tech I know
            </span>
          </div>
        </li>
      </ul>
    </div>
  </div>
  <div
    className="row job-company"
    onClick={[Function]}
  >
    <div
      className="col-sm"
    >
      <span
        className="employer"
      >
        That Other Company
      </span>
      <span
        className="location"
      >
        , 
        Other Town, USA
      </span>
    </div>
    <div
      className="col-sm duration"
    >
      <div
        className="float-right"
      >
        May 2015
         - 
        December 2016
      </div>
    </div>
  </div>
  <div
    className="row"
  >
    <div
      className="col job-role"
    >
      Wage Drone
    </div>
  </div>
  <div
    className="row job-project"
    onClick={[Function]}
  >
    <div
      className="col-md"
    >
      <span
        className="job-project-name"
      >
        Nothing Special
      </span>
      <span
        className="project-role"
      >
        Wage Monkey
      </span>
      <span
        className="project-members"
      >
        50
         person team
      </span>
    </div>
    <div
      className="col-md date order-sm-last"
    >
      <div
        className="float-right"
      >
        2015-2016
      </div>
    </div>
  </div>
  <div
    className="row project-highlight"
  >
    <div
      className="col highlight"
    >
      <ul>
        <li>
          I was a cog in the machine, so I kept this collapsed by default. This just shows that I had a job, but it doesn't matter currently. The next project was really unimportant, so it's also collapsed.
        </li>
      </ul>
    </div>
  </div>
  <div
    className="row job-project"
    onClick={[Function]}
  >
    <div
      className="col-md"
    >
      <span
        className="job-project-name"
      >
        Kitchen cleaner
      </span>
      <span
        className="project-role"
      >
        Scullery maid
      </span>
      <span
        className="project-members"
      >
        1
         person team
      </span>
    </div>
    <div
      className="col-md date order-sm-last"
    >
      <div
        className="float-right"
      >
        May 2015-June 2015
      </div>
    </div>
  </div>
  <div
    className="row project-highlight"
  >
    <div
      className="col highlight"
    >
      <ul>
        <li>
          It's embarrassing, but I helped clean up our fridge. Which was important. I kept this here to show that I'll do unpleasant tasks for the company, but didn't want to highlight it.
        </li>
      </ul>
    </div>
  </div>
</div>
`;
